// Jest Snapshot v1, https://jestjs.io/docs/snapshot-testing

exports[`PrismaSchemaParser snapshots should snapshot a parsed schema with enums and relations 1`] = `
{
  "enums": {
    "Role": [
      "USER",
      "ADMIN",
    ],
  },
  "models": [
    {
      "enums": [
        "Role",
      ],
      "fields": [
        {
          "baseType": "String",
          "customValidations": [],
          "hasDefaultValue": true,
          "isArray": false,
          "isId": true,
          "isOptional": false,
          "isUnique": false,
          "name": "id",
          "type": "String",
        },
        {
          "baseType": "String",
          "customValidations": [],
          "hasDefaultValue": false,
          "isArray": false,
          "isId": false,
          "isOptional": false,
          "isUnique": false,
          "name": "firstName",
          "type": "String",
        },
        {
          "baseType": "String",
          "customValidations": [],
          "hasDefaultValue": false,
          "isArray": false,
          "isId": false,
          "isOptional": false,
          "isUnique": false,
          "name": "lastName",
          "type": "String",
        },
        {
          "baseType": "String",
          "customValidations": [],
          "hasDefaultValue": false,
          "isArray": false,
          "isId": false,
          "isOptional": false,
          "isUnique": false,
          "name": "password",
          "type": "String",
        },
        {
          "baseType": "String",
          "customValidations": [],
          "hasDefaultValue": false,
          "isArray": false,
          "isId": false,
          "isOptional": false,
          "isUnique": true,
          "name": "email",
          "type": "String",
        },
        {
          "baseType": "String",
          "customValidations": [],
          "hasDefaultValue": false,
          "isArray": false,
          "isId": false,
          "isOptional": true,
          "isUnique": false,
          "name": "image",
          "type": "String",
        },
        {
          "baseType": "Role",
          "customValidations": [],
          "hasDefaultValue": true,
          "isArray": false,
          "isId": false,
          "isOptional": false,
          "isUnique": false,
          "name": "role",
          "type": "Role",
        },
        {
          "baseType": "DateTime",
          "customValidations": [],
          "hasDefaultValue": true,
          "isArray": false,
          "isId": false,
          "isOptional": false,
          "isUnique": false,
          "name": "createdAt",
          "type": "DateTime",
        },
        {
          "baseType": "DateTime",
          "customValidations": [],
          "hasDefaultValue": false,
          "isArray": false,
          "isId": false,
          "isOptional": true,
          "isUnique": false,
          "name": "updatedAt",
          "type": "DateTime",
        },
      ],
      "moduleType": "",
      "name": "User",
      "tgLabelField": "email",
    },
  ],
}
`;
